// Jest Snapshot v1, https://goo.gl/fbAQLP

exports[`atTime before DID available for v0 1`] = `"did:3:kjzl6cwe1jw146yuapa8cizijrc49janatf1g6dns5rzxef09zqee7zzzq90ftr?version-id=0#vwgkzudRSEdS2dW"`;

exports[`atTime ok before rotation 1`] = `"did:3:kjzl6cwe1jw146yuapa8cizijrc49janatf1g6dns5rzxef09zqee7zzzq90ftr?version-id=0#vwgkzudRSEdS2dW"`;
